// Jest Snapshot v1, https://goo.gl/fbAQLP

exports[`<Projects /> base tests matches snapshot 1`] = `<main />`;
