// Jest Snapshot v1, https://goo.gl/fbAQLP

exports[`<PersonalData /> matches snapshot 1`] = `
<PersonalData
  data={Object {}}
  error={null}
  isFetching={true}
/>
`;
