// Jest Snapshot v1, https://goo.gl/fbAQLP

exports[`<LinkStretched /> base tests matches snapshot 1`] = `
<a
  className=" link-stretched"
  data-anchor-id=""
  href=""
  onClick={[Function]}
  target=""
/>
`;
