// Jest Snapshot v1, https://goo.gl/fbAQLP

exports[`<App /> matches snapshot 1`] = `
<div>
  <WithFetching />
  <WithFetching />
  <WithFetching />
  <WithFetching />
  <WithFetching />
</div>
`;
