// Jest Snapshot v1, https://goo.gl/fbAQLP

exports[`<Educations /> matches snapshot 1`] = `
<Educations
  data={Object {}}
  error={null}
  isFetching={false}
/>
`;
