// Jest Snapshot v1, https://goo.gl/fbAQLP

exports[`<UnorderedList /> base tests matches snapshot 1`] = `
<div
  className="unorderedlist"
>
  <ul
    className="unorderedlist__list"
  />
</div>
`;
