// Jest Snapshot v1, https://goo.gl/fbAQLP

exports[`<ImageGrid /> base tests matches snapshot 1`] = `
<ul
  className="image-grid"
/>
`;
