// Jest Snapshot v1, https://goo.gl/fbAQLP

exports[`<Navbar /> base tests matches snapshot 1`] = `
<ul
  className="navbar"
/>
`;
