// Jest Snapshot v1, https://goo.gl/fbAQLP

exports[`<Skills /> matches snapshot 1`] = `
<Skills
  data={Object {}}
  error={null}
  isFetching={true}
/>
`;
