// Jest Snapshot v1, https://goo.gl/fbAQLP

exports[`<OrderedList /> base tests matches snapshot 1`] = `
<div
  className="orderedlist"
>
  <ol
    className="orderedlist__list"
  />
</div>
`;
