// Jest Snapshot v1, https://goo.gl/fbAQLP

exports[`<Loader /> base tests matches snapshot 1`] = `
<div
  className="loader"
>
  <h3
    className="loader__inner font-s-20 text-c-l-dune"
  >
    Loading...
  </h3>
</div>
`;
