// Jest Snapshot v1, https://goo.gl/fbAQLP

exports[`<Summary /> base tests matches snapshot 1`] = `
<ul
  className="summary"
/>
`;
